here
[11.59595326 14.06687915 14.45409204 15.57943022 16.21334557 15.6392049
 16.89909987 14.95160587 10.90996583 13.18798582]
Nearest cent:  8
1
[11.32007473 12.3932627  11.7938458  12.89870465 12.33150526 12.70348312
 13.84806719 13.37857229 10.23179529 12.7235151 ]
Nearest cent:  8
0
[11.44763784 10.65589357 11.12445897 11.6512777  10.38737389 11.14580887
 12.58345131 10.30656231  9.48548157 10.43782611]
Nearest cent:  8
1
[ 9.5337892   9.63480422  9.17291388  9.26914946  9.30156464 10.07653864
 10.20716537  9.74331042  9.44949835 10.01548253]
Nearest cent:  2
0
[10.13640929 10.13338442  9.49363445 10.19545502  9.67301842 10.55883578
 11.2892062   9.99064878 10.07342627 10.34191417]
Nearest cent:  2
1
[ 9.71554375 10.22856301  9.10695414 10.02568156  9.36641526 10.33156029
 12.13423323  9.79095989  9.77163423 10.29874836]
Nearest cent:  2
0
[ 9.75100023 10.21270378  9.04871925  9.65692992  9.36161906  9.77289242
 12.41973911  9.81123912  9.75266773 10.3100205 ]
Nearest cent:  2
1
pred:  8
[9 2 9 1 2 2 6 8 2 1 3 6 6 0 1 2 7 0 5 4 6 1 6 4 0 2 2 6 0 5 9 1 7 6 7 0 3
 9 6 8 3 0 3 4 7 7 1 4 7 2 7 1 4 7 4 4 8 4 7 7 5 3 7 2 0 8 9 5 8 3 6 2 0 8
 7 3 7 6 5 3 1 3 2 2 5 4 1 2 9 2 7 0 7 2 1 3 2 0 2 4 7 9 8 9 0 7 7 0 7 8 4
 6 3 3 0 1 3 7 0 1 3 1 4 2 3 8 4 2 3 7 8 4 3 0 9 0 0 1 0 4 4 6 7 6 1 1 3 7
 3 5 2 6 6 5 8 7 1 6 8 8 5 3 0 4 0 1 3 8 8 0 6 9 9 9 5 5 8 6 0 0 4 2 3 2 7
 2 2 5 9 8 9 1 7 4 0 3 0 1 3 8 3 9 6 1 4 7 0 3 7 8 9 1 1 6 6 6 6 9 1 9 9 4
 2 1 7 0 6 8 1 9 2 9 0 4 7 8 3 1 2 0 1 5 8 4 6 3 8 1 3 8 5 0 8 4 8 1 1 8 9
 6 0 8 6 1 3 4 1 6 0 5 1 1 0 0 3 5 0 0 6 6 3 3 6 3 6 6 0 7 2 2 7 5 5 2 8 5
 2 1 1 4 3 2 0 3 1 5 3 7 6 8 9 1 6 4 9 3 9 0 9 6 3 6 0 7 3 8 0 0 0 6 6 6 9
 2 5 4 4 6 3 6 0 8 6 0 6 2 7 5 1 2 7 8 8 0 9 4 9 7 2 0 2 8 3 8 9 1 5 5 4 7
 5 3 8 3 3 6 2 8 4 3 7 1 2 4 1 6 9 0 5 8 6 1 8 6 1 4 2 6 2 7 2 2 0 8 6 9 1
 7 1 8 8 0 7 3 8 0 3 4 3 7 7 9 2 3 1 9 1 9 6 3 3 3 1 0 6 1 4 1 0 0 1 1 6 5
 4 6 2 0 7 9 8 7 2 0 6 8 1 4 3 7 0 6 1 8 5 7 8 4 8 3 9 9 9 8 7 6 6 3 5 1 5
 9 1 4 1 5 7 0 1 5 2 0 8 8 5 6 7 3 2 4]
[9. 0. 9. 1. 4. 4. 6. 8. 9. 8. 7. 2. 2. 9. 8. 2. 3. 8. 3. 7. 6. 9. 6. 3.
 2. 6. 9. 3. 2. 4. 9. 1. 4. 6. 6. 8. 2. 8. 1. 1. 0. 2. 0. 9. 4. 4. 3. 6.
 7. 2. 7. 1. 0. 7. 4. 6. 8. 6. 4. 0. 7. 7. 7. 4. 8. 9. 9. 3. 2. 3. 4. 2.
 8. 8. 2. 6. 6. 5. 3. 2. 0. 5. 0. 3. 4. 4. 8. 5. 9. 2. 7. 4. 7. 2. 6. 2.
 5. 0. 2. 4. 2. 9. 1. 1. 0. 9. 9. 0. 7. 0. 6. 6. 1. 2. 0. 1. 9. 7. 9. 2.
 6. 1. 6. 0. 5. 8. 4. 2. 8. 7. 8. 5. 0. 0. 9. 2. 0. 3. 8. 6. 3. 6. 7. 3.
 1. 1. 3. 7. 7. 8. 4. 6. 4. 5. 8. 0. 9. 6. 8. 8. 1. 5. 2. 2. 9. 1. 7. 8.
 8. 3. 3. 9. 9. 6. 3. 3. 8. 6. 7. 8. 4. 3. 3. 4. 7. 0. 4. 5. 3. 8. 1. 4.
 7. 6. 1. 5. 0. 6. 3. 4. 3. 9. 6. 1. 4. 7. 8. 1. 4. 8. 3. 3. 9. 6. 6. 6.
 6. 9. 0. 9. 9. 6. 2. 4. 7. 0. 3. 8. 1. 1. 6. 1. 6. 6. 7. 1. 8. 0. 0. 2.
 1. 9. 8. 7. 6. 7. 9. 8. 5. 8. 5. 1. 8. 2. 8. 1. 6. 8. 4. 7. 0. 8. 6. 1.
 4. 6. 4. 4. 8. 8. 0. 3. 0. 8. 5. 5. 6. 5. 2. 6. 9. 5. 4. 3. 3. 2. 4. 7.
 2. 4. 5. 2. 1. 7. 8. 6. 6. 1. 2. 3. 7. 2. 8. 5. 9. 0. 6. 5. 9. 0. 8. 1.
 6. 3. 7. 9. 1. 7. 1. 0. 3. 6. 0. 9. 8. 8. 0. 0. 0. 6. 6. 5. 3. 5. 0. 4.
 2. 6. 3. 1. 8. 8. 6. 5. 5. 6. 7. 6. 6. 4. 8. 8. 8. 0. 7. 4. 9. 4. 2. 8.
 0. 8. 6. 8. 9. 1. 2. 3. 4. 6. 0. 2. 1. 7. 2. 6. 0. 8. 3. 3. 9. 9. 6. 4.
 3. 6. 9. 9. 6. 8. 6. 5. 8. 6. 0. 2. 2. 0. 3. 9. 4. 4. 1. 8. 6. 6. 2. 1.
 1. 1. 8. 9. 7. 7. 5. 0. 7. 3. 4. 7. 0. 9. 6. 3. 0. 9. 6. 9. 5. 6. 9. 3.
 8. 0. 3. 8. 1. 9. 0. 2. 9. 1. 2. 2. 8. 6. 3. 0. 7. 4. 0. 7. 1. 8. 6. 5.
 1. 8. 8. 4. 8. 4. 1. 8. 3. 3. 0. 7. 8. 3. 7. 8. 7. 0. 2. 6. 6. 9. 3. 5.
 7. 9. 1. 2. 1. 5. 4. 0. 1. 0. 3. 2. 9. 5. 5. 8. 0. 3. 5. 1.]
accuracy:  0.3432
